// Jest Snapshot v1, https://goo.gl/fbAQLP

exports[`<Footer /> should match snapshot 1`] = `
.c0 {
  width: 100%;
  height: 160px;
  background: #1A191C;
}

.c1 {
  margin: 0 auto;
  width: 90%;
  max-width: 1320px;
  height: 100%;
  display: -webkit-box;
  display: -webkit-flex;
  display: -ms-flexbox;
  display: flex;
  -webkit-flex-direction: row;
  -ms-flex-direction: row;
  flex-direction: row;
  -webkit-box-pack: center;
  -webkit-justify-content: center;
  -ms-flex-pack: center;
  justify-content: center;
  -webkit-align-items: center;
  -webkit-box-align: center;
  -ms-flex-align: center;
  align-items: center;
}

.c2 {
  height: 20px;
}

.c3 {
  margin-left: 30px;
  font-weight: 500;
  font-size: 16px;
  line-height: 24px;
  color: #EAEAEA;
}

@media only screen and (max-width:768px) {
  .c0 {
    height: 180px;
  }
}

@media only screen and (max-width:768px) {
  .c1 {
    -webkit-flex-direction: column;
    -ms-flex-direction: column;
    flex-direction: column;
  }
}

@media only screen and (max-width:768px) {
  .c2 {
    height: 18px;
  }
}

@media only screen and (max-width:768px) {
  .c3 {
    margin-left: 0px;
    margin-top: 30px;
    text-align: center;
    font-size: 14px;
    line-height: 22px;
  }
}

<div
  className="c0"
>
  <div
    className="c1"
  >
    <img
      className="c2"
      src="tmdb_logo.svg"
    />
    <p
      className="c3"
    >
      This product uses the TMDB API but is not endorsed or certified by TMDB.
    </p>
  </div>
</div>
`;
