// Jest Snapshot v1, https://goo.gl/fbAQLP

exports[`<CircleProgressBar /> should match snapshot with float number 1`] = `
<svg
  className="CircularProgressbar "
  data-test-id="CircularProgressbar"
  style={Object {}}
  viewBox="0 0 100 100"
>
  <circle
    className="CircularProgressbar-background"
    cx={50}
    cy={50}
    r={50}
    style={
      Object {
        "fill": "#1A191C",
      }
    }
  />
  <path
    className="CircularProgressbar-trail"
    d="
      M 50,50
      m 0,-44
      a 44,44 0 1 1 0,88
      a 44,44 0 1 1 0,-88
    "
    fillOpacity={0}
    strokeWidth={4}
    style={
      Object {
        "stroke": "rgba(255, 203, 71, 0.3)",
        "strokeDasharray": "276.46015351590177px 276.46015351590177px",
        "strokeDashoffset": "0px",
      }
    }
  />
  <path
    className="CircularProgressbar-path"
    d="
      M 50,50
      m 0,-44
      a 44,44 0 1 1 0,88
      a 44,44 0 1 1 0,-88
    "
    fillOpacity={0}
    strokeWidth={4}
    style={
      Object {
        "stroke": "rgba(255, 203, 71, 1)",
        "strokeDasharray": "276.46015351590177px 276.46015351590177px",
        "strokeDashoffset": "132.70087368763285px",
      }
    }
  />
  <text
    className="CircularProgressbar-text"
    style={
      Object {
        "fill": "#EAEAEA",
      }
    }
    x={50}
    y={50}
  >
    5.2
  </text>
</svg>
`;
